command:  '.\xtb_bigstack2.exe  Stage07_nopal_test_XTB.xyz --grad -c 0 -u 0 -P 1 --namespace big --input Stage07_nopal_test_XTB.input.tmp --acc 1.000000 '
date:     2026/10/03 at 17:23:27.946     
           -------------------------------------------------
          |                Property Printout                |
           -------------------------------------------------

    * Orbital Energies and Occupations

         #    Occupation            Energy/Eh            Energy/eV
      -------------------------------------------------------------
         1        2.0000           -0.7258277             -19.7508
       ...           ...                  ...                  ...
      1032        2.0000           -0.3751592             -10.2086
      1033        2.0000           -0.3749487             -10.2029
      1034        2.0000           -0.3742716             -10.1844
      1035        2.0000           -0.3740512             -10.1785
      1036        2.0000           -0.3734385             -10.1618
      1037        2.0000           -0.3726832             -10.1412
      1038        2.0000           -0.3722697             -10.1300
      1039        2.0000           -0.3708020             -10.0900
      1040        2.0000           -0.3703510             -10.0778
      1041        2.0000           -0.3700885             -10.0706
      1042        2.0000           -0.3694569             -10.0534
      1043        2.0000           -0.3676344             -10.0038
      1044        2.0000           -0.3666462              -9.9769 (HOMO)
      1045                         -0.2770179              -7.5380 (LUMO)
      1046                         -0.2764724              -7.5232
      1047                         -0.2736756              -7.4471
      1048                         -0.2729299              -7.4268
      1049                         -0.2723481              -7.4110
      1050                         -0.2696965              -7.3388
      1051                         -0.2658724              -7.2348
      1052                         -0.2656667              -7.2292
      1053                         -0.2647028              -7.2029
      1054                         -0.2646712              -7.2021
      1055                         -0.2570716              -6.9953
       ...                                ...                  ...
      1932                          0.8954327              24.3660
      -------------------------------------------------------------
                  HL-Gap            0.0896282 Eh            2.4389 eV
             Fermi-level           -0.3218320 Eh           -8.7575 eV

     #   Z          covCN         q      C6AA      α(0)
     1   1 H        0.930     0.074     2.042     2.234
     2   6 C        2.936    -0.051    29.272     8.873
     3   1 H        0.930     0.093     1.848     2.125
     4   6 C        2.928     0.068    26.487     8.440
     5   6 C        3.764    -0.016    20.896     6.516
     6   1 H        0.930     0.064     2.147     2.291
     7   6 C        2.767     0.275    22.350     7.742
     8   6 C        3.096    -0.004    27.998     8.672
     9   6 C        3.070    -0.023    28.497     8.753
    10   6 C        3.821    -0.085    22.095     6.689
    11   1 H        0.930     0.071     2.079     2.255
    12   1 H        0.930     0.077     2.009     2.216
    13   6 C        3.172     0.018    27.227     8.524
    14   6 C        2.748     0.277    22.311     7.734
    15   6 C        2.920     0.036    27.191     8.551
    16   6 C        2.934    -0.045    29.129     8.851
    17   1 H        0.930     0.092     1.858     2.131
    18   6 C        2.932    -0.073    29.828     8.957
    19   1 H        0.930     0.105     1.737     2.061
    20   6 C        2.878     0.147    24.798     8.164
    21   6 C        2.936    -0.076    29.888     8.966
    22   1 H        0.930     0.071     2.074     2.252
    23   6 C        2.932    -0.054    29.345     8.884
    24   1 H        0.930     0.069     2.094     2.263
    25   6 C        3.664     0.009    20.684     6.523
    26   1 H        0.930     0.064     2.148     2.292
    27   1 H        0.930     0.054     2.267     2.355
    28   1 H        0.930     0.084     1.942     2.179
    29   1 H        0.862     0.228     0.974     1.546
    30   1 H        0.863     0.210     1.055     1.609
    31   7 N        2.745    -0.112    23.447     7.192
    32   7 N        3.019     0.093    19.634     6.581
    33   7 N        1.991    -0.256    27.460     7.772
    34   7 N        2.645    -0.286    27.378     7.771
    35   8 O        0.858    -0.444    22.588     6.372
    36   8 O        0.860    -0.476    23.252     6.465
    37   8 O        1.705    -0.285    18.735     5.844
    38   6 C        3.762    -0.009    20.786     6.499
    39   1 H        0.930     0.054     2.269     2.355
    40   1 H        0.930     0.063     2.166     2.301
    41   6 C        3.827    -0.084    22.076     6.686
    42   1 H        0.930     0.064     2.152     2.294
    43   1 H        0.930     0.072     2.064     2.247
    44   6 C        3.825    -0.085    22.102     6.690
    45   1 H        0.930     0.077     2.005     2.214
    46   1 H        0.930     0.043     2.403     2.424
    47   6 C        3.826    -0.109    22.552     6.758
    48   1 H        0.930     0.078     1.996     2.209
    49   1 H        0.930     0.072     2.058     2.243
    50   6 C        2.766     0.266    22.516     7.771
    51   6 C        2.935    -0.058    29.429     8.897
    52   1 H        0.930     0.071     2.075     2.252
    53   6 C        2.930     0.061    26.627     8.463
    54   6 C        2.938    -0.053    29.314     8.880
    55   6 C        2.935    -0.058    29.436     8.898
    56   1 H        0.930     0.080     1.977     2.198
    57   1 H        0.930     0.071     2.072     2.251
    58   7 N        2.739    -0.115    23.497     7.199
    59   8 O        0.859    -0.498    23.736     6.532
    60   6 C        3.762    -0.009    20.775     6.497
    61   1 H        0.930     0.052     2.289     2.366
    62   1 H        0.930     0.060     2.203     2.321
    63   6 C        3.827    -0.084    22.084     6.687
    64   1 H        0.930     0.063     2.166     2.301
    65   1 H        0.930     0.074     2.038     2.232
    66   6 C        3.825    -0.085    22.098     6.689
    67   1 H        0.930     0.075     2.027     2.226
    68   1 H        0.930     0.041     2.431     2.438
    69   6 C        3.826    -0.111    22.592     6.764
    70   1 H        0.930     0.078     1.996     2.209
    71   1 H        0.930     0.070     2.087     2.259
    72   6 C        2.766     0.265    22.533     7.774
    73   6 C        2.935    -0.054    29.329     8.882
    74   1 H        0.930     0.073     2.054     2.241
    75   6 C        2.930     0.069    26.446     8.434
    76   6 C        2.938    -0.045    29.111     8.849
    77   6 C        2.935    -0.056    29.386     8.890
    78   1 H        0.930     0.078     1.999     2.211
    79   1 H        0.930     0.075     2.030     2.228
    80   7 N        2.739    -0.118    23.559     7.209
    81   8 O        0.859    -0.475    23.248     6.464
    82   1 H        0.930     0.075     2.028     2.227
    83   6 C        2.936    -0.047    29.172     8.858
    84   1 H        0.930     0.070     2.085     2.258
    85   6 C        2.928     0.065    26.544     8.449
    86   6 C        3.764    -0.015    20.886     6.514
    87   1 H        0.930     0.061     2.189     2.314
    88   6 C        2.767     0.267    22.486     7.766
    89   6 C        3.096    -0.009    28.120     8.691
    90   6 C        3.070    -0.019    28.417     8.741
    91   6 C        3.821    -0.085    22.098     6.690
    92   1 H        0.930     0.073     2.050     2.239
    93   1 H        0.930     0.084     1.938     2.177
    94   6 C        3.172     0.021    27.154     8.512
    95   6 C        2.748     0.276    22.323     7.736
    96   6 C        2.920     0.045    26.988     8.519
    97   6 C        2.934    -0.042    29.046     8.839
    98   1 H        0.930     0.071     2.069     2.249
    99   6 C        2.932    -0.079    29.976     8.979
   100   1 H        0.930     0.070     2.082     2.256
   101   6 C        2.878     0.145    24.836     8.170
   102   6 C        2.936    -0.067    29.679     8.935
   103   1 H        0.930     0.081     1.966     2.193
   104   6 C        2.932    -0.045    29.111     8.849
   105   1 H        0.930     0.078     1.996     2.209
   106   6 C        3.664     0.012    20.644     6.517
   107   1 H        0.930     0.075     2.032     2.229
   108   1 H        0.930     0.059     2.207     2.323
   109   1 H        0.930     0.058     2.223     2.332
   110   1 H        0.862     0.206     1.076     1.625
   111   1 H        0.863     0.217     1.024     1.585
   112   7 N        2.745    -0.117    23.540     7.206
   113   7 N        3.019     0.091    19.659     6.585
   114   7 N        1.991    -0.244    27.172     7.731
   115   7 N        2.645    -0.284    27.337     7.765
   116   8 O        0.858    -0.448    22.670     6.384
   117   8 O        0.860    -0.460    22.916     6.418
   118   8 O        1.705    -0.278    18.611     5.825
   119   6 C        3.762    -0.013    20.850     6.509
   120   1 H        0.930     0.062     2.173     2.305
   121   1 H        0.930     0.064     2.155     2.296
   122   6 C        3.827    -0.084    22.081     6.686
   123   1 H        0.930     0.056     2.251     2.346
   124   1 H        0.930     0.060     2.199     2.319
   125   6 C        3.825    -0.080    21.999     6.674
   126   1 H        0.930     0.051     2.303     2.373
   127   1 H        0.930     0.055     2.254     2.348
   128   6 C        3.826    -0.106    22.496     6.749
   129   1 H        0.930     0.072     2.066     2.248
   130   1 H        0.930     0.078     1.995     2.208
   131   6 C        2.766     0.269    22.459     7.761
   132   6 C        2.935    -0.060    29.501     8.908
   133   1 H        0.930     0.067     2.121     2.278
   134   6 C        2.930     0.061    26.630     8.463
   135   6 C        2.938    -0.050    29.246     8.869
   136   6 C        2.935    -0.060    29.489     8.906
   137   1 H        0.930     0.070     2.081     2.256
   138   1 H        0.930     0.068     2.102     2.267
   139   7 N        2.739    -0.108    23.359     7.178
   140   8 O        0.859    -0.493    23.623     6.516
   141   1 H        0.930     0.073     2.048     2.238
   142   6 C        2.936    -0.047    29.156     8.856
   143   1 H        0.930     0.096     1.823     2.111
   144   6 C        2.928     0.073    26.378     8.423
   145   6 C        3.764    -0.015    20.882     6.514
   146   1 H        0.930     0.064     2.150     2.293
   147   6 C        2.767     0.276    22.336     7.740
   148   6 C        3.096    -0.003    27.974     8.668
   149   6 C        3.070    -0.018    28.388     8.736
   150   6 C        3.821    -0.084    22.083     6.688
   151   1 H        0.930     0.075     2.032     2.229
   152   1 H        0.930     0.080     1.975     2.197
   153   6 C        3.172     0.024    27.104     8.504
   154   6 C        2.748     0.280    22.259     7.725
   155   6 C        2.920     0.042    27.050     8.529
   156   6 C        2.934    -0.044    29.097     8.847
   157   1 H        0.930     0.090     1.876     2.142
   158   6 C        2.932    -0.081    30.032     8.987
   159   1 H        0.930     0.091     1.865     2.136
   160   6 C        2.878     0.142    24.916     8.183
   161   6 C        2.936    -0.071    29.781     8.950
   162   1 H        0.930     0.074     2.044     2.236
   163   6 C        2.932    -0.051    29.255     8.870
   164   1 H        0.930     0.075     2.028     2.227
   165   6 C        3.664     0.010    20.680     6.523
   166   1 H        0.930     0.067     2.121     2.277
   167   1 H        0.930     0.065     2.142     2.289
   168   1 H        0.930     0.060     2.204     2.321
   169   1 H        0.862     0.205     1.083     1.630
   170   1 H        0.863     0.212     1.044     1.601
   171   7 N        2.745    -0.115    23.511     7.202
   172   7 N        3.019     0.092    19.642     6.582
   173   7 N        1.991    -0.246    27.214     7.737
   174   7 N        2.645    -0.283    27.309     7.761
   175   8 O        0.858    -0.435    22.399     6.345
   176   8 O        0.860    -0.461    22.938     6.421
   177   8 O        1.705    -0.286    18.752     5.847
   178   6 C        3.826    -0.107    22.513     6.752
   179   1 H        0.930     0.074     2.036     2.231
   180   1 H        0.930     0.076     2.020     2.222
   181   8 O        0.859    -0.491    23.590     6.512
   182   6 C        2.878     0.145    24.836     8.170
   183   6 C        2.936    -0.073    29.822     8.956
   184   1 H        0.930     0.072     2.065     2.247
   185   6 C        3.664     0.010    20.665     6.520
   186   1 H        0.930     0.065     2.145     2.290
   187   1 H        0.930     0.057     2.229     2.335
   188   1 H        0.930     0.070     2.089     2.260
   189   8 O        1.705    -0.286    18.754     5.847
   190   6 C        2.928     0.073    26.366     8.421
   191   1 H        0.930     0.068     2.111     2.272
   192   6 C        3.764    -0.015    20.893     6.515
   193   1 H        0.930     0.066     2.132     2.283
   194   1 H        0.930     0.067     2.113     2.273
   195   6 C        2.767     0.276    22.325     7.738
   196   6 C        3.096    -0.003    27.984     8.670
   197   6 C        3.070    -0.018    28.392     8.737
   198   6 C        3.821    -0.084    22.094     6.689
   199   1 H        0.930     0.073     2.055     2.241
   200   1 H        0.930     0.084     1.941     2.179
   201   6 C        3.172     0.026    27.052     8.496
   202   6 C        2.748     0.278    22.304     7.733
   203   6 C        2.920     0.041    27.080     8.534
   204   6 C        2.934    -0.046    29.132     8.852
   205   1 H        0.930     0.093     1.850     2.127
   206   6 C        2.932    -0.073    29.831     8.957
   207   6 C        2.932    -0.054    29.336     8.883
   208   1 H        0.930     0.075     2.032     2.229
   209   1 H        0.862     0.230     0.964     1.538
   210   1 H        0.863     0.204     1.084     1.631
   211   7 N        2.745    -0.115    23.514     7.202
   212   7 N        3.019     0.088    19.711     6.594
   213   7 N        1.991    -0.253    27.387     7.761
   214   7 N        2.645    -0.284    27.343     7.766
   215   8 O        0.858    -0.439    22.473     6.356
   216   8 O        0.860    -0.455    22.802     6.402
   217   6 C        3.762    -0.013    20.850     6.509
   218   1 H        0.930     0.060     2.194     2.316
   219   1 H        0.930     0.065     2.136     2.285
   220   6 C        3.827    -0.085    22.100     6.689
   221   1 H        0.930     0.058     2.226     2.333
   222   1 H        0.930     0.061     2.190     2.314
   223   6 C        3.825    -0.082    22.041     6.681
   224   1 H        0.930     0.056     2.243     2.342
   225   1 H        0.930     0.050     2.314     2.378
   226   6 C        2.766     0.265    22.525     7.773
   227   6 C        2.935    -0.061    29.523     8.911
   228   1 H        0.930     0.070     2.084     2.257
   229   6 C        2.930     0.059    26.668     8.469
   230   6 C        2.938    -0.047    29.173     8.858
   231   1 H        0.930     0.071     2.078     2.254
   232   6 C        2.936    -0.043    29.058     8.841
   233   1 H        0.930     0.098     1.805     2.101
   234   6 C        2.935    -0.060    29.497     8.907
   235   1 H        0.930     0.076     2.018     2.221
   236   7 N        2.739    -0.112    23.445     7.191
   237   6 C        3.826    -0.107    22.529     6.754
   238   1 H        0.930     0.076     2.016     2.220
   239   1 H        0.930     0.081     1.964     2.191
   240   8 O        0.859    -0.475    23.227     6.462
   241   6 C        2.878     0.148    24.785     8.161
   242   6 C        2.936    -0.073    29.813     8.955
   243   1 H        0.930     0.073     2.055     2.242
   244   6 C        3.664     0.012    20.639     6.516
   245   1 H        0.930     0.067     2.117     2.275
   246   1 H        0.930     0.053     2.286     2.364
   247   1 H        0.930     0.075     2.029     2.228
   248   8 O        1.705    -0.283    18.704     5.839
   249   6 C        2.928     0.069    26.467     8.437
   250   1 H        0.930     0.070     2.080     2.255
   251   6 C        3.764    -0.017    20.928     6.521
   252   1 H        0.930     0.065     2.140     2.288
   253   1 H        0.930     0.072     2.060     2.244
   254   6 C        2.767     0.268    22.477     7.764
   255   6 C        3.096    -0.009    28.134     8.693
   256   6 C        3.070    -0.016    28.329     8.727
   257   6 C        3.821    -0.084    22.093     6.689
   258   1 H        0.930     0.075     2.027     2.226
   259   1 H        0.930     0.082     1.953     2.185
   260   6 C        3.172     0.028    26.997     8.487
   261   6 C        2.748     0.281    22.238     7.722
   262   6 C        2.920     0.043    27.026     8.525
   263   6 C        2.934    -0.045    29.107     8.848
   264   1 H        0.930     0.071     2.069     2.249
   265   6 C        2.932    -0.074    29.838     8.958
   266   6 C        2.932    -0.051    29.279     8.874
   267   1 H        0.930     0.077     2.006     2.215
   268   1 H        0.862     0.231     0.959     1.534
   269   1 H        0.863     0.209     1.059     1.612
   270   7 N        2.745    -0.119    23.586     7.213
   271   7 N        3.019     0.086    19.741     6.599
   272   7 N        1.991    -0.246    27.216     7.737
   273   7 N        2.645    -0.282    27.275     7.756
   274   8 O        0.858    -0.445    22.595     6.373
   275   8 O        0.860    -0.466    23.035     6.435
   276   6 C        3.762    -0.011    20.822     6.505
   277   1 H        0.930     0.059     2.212     2.325
   278   1 H        0.930     0.061     2.187     2.312
   279   6 C        3.827    -0.084    22.071     6.685
   280   1 H        0.930     0.056     2.249     2.345
   281   1 H        0.930     0.059     2.215     2.327
   282   6 C        3.825    -0.081    22.017     6.677
   283   1 H        0.930     0.054     2.266     2.354
   284   1 H        0.930     0.053     2.282     2.362
   285   6 C        2.766     0.270    22.445     7.759
   286   6 C        2.935    -0.058    29.440     8.899
   287   1 H        0.930     0.068     2.112     2.272
   288   6 C        2.930     0.066    26.524     8.446
   289   6 C        2.938    -0.045    29.120     8.850
   290   1 H        0.930     0.077     2.010     2.217
   291   6 C        2.936    -0.046    29.141     8.853
   292   1 H        0.930     0.075     2.030     2.228
   293   6 C        2.935    -0.059    29.460     8.902
   294   1 H        0.930     0.075     2.032     2.229
   295   7 N        2.739    -0.112    23.445     7.191
   296   6 C        3.762    -0.012    20.826     6.505
   297   1 H        0.930     0.057     2.229     2.335
   298   1 H        0.930     0.054     2.267     2.354
   299   6 C        3.827    -0.083    22.069     6.685
   300   1 H        0.930     0.061     2.192     2.315
   301   1 H        0.930     0.067     2.114     2.273
   302   6 C        3.825    -0.081    22.029     6.679
   303   1 H        0.930     0.071     2.077     2.254
   304   1 H        0.930     0.046     2.374     2.409
   305   6 C        2.766     0.268    22.467     7.763
   306   6 C        2.935    -0.058    29.445     8.899
   307   1 H        0.930     0.065     2.140     2.287
   308   6 C        2.930     0.067    26.508     8.444
   309   6 C        2.938    -0.049    29.210     8.864
   310   1 H        0.930     0.074     2.043     2.235
   311   6 C        2.936    -0.047    29.178     8.859
   312   1 H        0.930     0.091     1.869     2.138
   313   6 C        2.935    -0.059    29.464     8.902
   314   1 H        0.930     0.092     1.863     2.134
   315   7 N        2.739    -0.112    23.435     7.190
   316   6 C        2.928     0.071    26.413     8.428
   317   1 H        0.930     0.068     2.105     2.269
   318   6 C        3.764    -0.011    20.811     6.502
   319   1 H        0.930     0.058     2.226     2.333
   320   1 H        0.930     0.067     2.118     2.276
   321   6 C        2.767     0.275    22.348     7.742
   322   6 C        3.096    -0.004    27.996     8.672
   323   6 C        3.070    -0.019    28.407     8.739
   324   6 C        3.821    -0.083    22.069     6.685
   325   1 H        0.930     0.076     2.021     2.223
   326   1 H        0.930     0.081     1.972     2.196
   327   6 C        3.172     0.022    27.131     8.508
   328   6 C        2.748     0.276    22.326     7.737
   329   6 C        2.920     0.041    27.074     8.533
   330   6 C        2.934    -0.046    29.147     8.854
   331   1 H        0.930     0.089     1.890     2.150
   332   6 C        2.932    -0.083    30.081     8.995
   333   6 C        2.932    -0.050    29.246     8.869
   334   1 H        0.930     0.076     2.022     2.224
   335   1 H        0.862     0.204     1.084     1.631
   336   1 H        0.863     0.211     1.052     1.607
   337   7 N        2.745    -0.115    23.503     7.200
   338   7 N        3.019     0.091    19.659     6.585
   339   7 N        1.991    -0.247    27.253     7.742
   340   7 N        2.645    -0.286    27.380     7.771
   341   8 O        0.858    -0.443    22.550     6.367
   342   8 O        0.860    -0.452    22.742     6.394
   343   6 C        3.664     0.010    20.680     6.523
   344   1 H        0.930     0.070     2.083     2.257
   345   1 H        0.930     0.062     2.172     2.304
   346   1 H        0.930     0.061     2.189     2.314
   347   8 O        1.705    -0.284    18.713     5.841
   348   6 C        2.878     0.142    24.905     8.181
   349   6 C        2.936    -0.071    29.757     8.946
   350   1 H        0.930     0.075     2.027     2.226
   351   6 C        3.826    -0.107    22.516     6.752
   352   1 H        0.930     0.074     2.038     2.233
   353   1 H        0.930     0.071     2.076     2.253
   354   8 O        0.859    -0.485    23.464     6.494
   355   6 C        3.762    -0.007    20.755     6.494
   356   1 H        0.930     0.053     2.284     2.363
   357   1 H        0.930     0.066     2.129     2.282
   358   6 C        3.827    -0.082    22.037     6.680
   359   1 H        0.930     0.058     2.221     2.330
   360   1 H        0.930     0.059     2.208     2.324
   361   6 C        3.825    -0.080    22.008     6.676
   362   1 H        0.930     0.051     2.303     2.373
   363   1 H        0.930     0.049     2.330     2.387
   364   6 C        2.766     0.268    22.476     7.764
   365   6 C        2.935    -0.054    29.346     8.884
   366   1 H        0.930     0.064     2.150     2.293
   367   6 C        2.930     0.070    26.434     8.432
   368   6 C        2.938    -0.043    29.068     8.842
   369   1 H        0.930     0.076     2.023     2.224
   370   6 C        2.936    -0.045    29.127     8.851
   371   1 H        0.930     0.073     2.057     2.242
   372   6 C        2.935    -0.057    29.410     8.894
   373   1 H        0.930     0.078     1.998     2.210
   374   7 N        2.739    -0.114    23.479     7.197
   375   6 C        2.928     0.067    26.509     8.444
   376   1 H        0.930     0.075     2.028     2.227
   377   6 C        3.764    -0.015    20.881     6.513
   378   1 H        0.930     0.061     2.190     2.314
   379   1 H        0.930     0.072     2.058     2.243
   380   6 C        2.767     0.268    22.484     7.766
   381   6 C        3.096    -0.010    28.137     8.694
   382   6 C        3.070    -0.020    28.436     8.744
   383   6 C        3.821    -0.085    22.106     6.691
   384   1 H        0.930     0.072     2.068     2.249
   385   1 H        0.930     0.086     1.913     2.163
   386   6 C        3.172     0.022    27.149     8.511
   387   6 C        2.748     0.274    22.370     7.744
   388   6 C        2.920     0.041    27.088     8.535
   389   6 C        2.934    -0.044    29.086     8.845
   390   1 H        0.930     0.072     2.067     2.248
   391   6 C        2.932    -0.072    29.794     8.952
   392   6 C        2.932    -0.050    29.232     8.867
   393   1 H        0.930     0.075     2.029     2.227
   394   1 H        0.862     0.229     0.968     1.541
   395   1 H        0.863     0.209     1.063     1.615
   396   7 N        2.745    -0.118    23.576     7.211
   397   7 N        3.019     0.089    19.699     6.592
   398   7 N        1.991    -0.253    27.389     7.762
   399   7 N        2.645    -0.288    27.441     7.780
   400   8 O        0.858    -0.446    22.615     6.376
   401   8 O        0.860    -0.457    22.845     6.408
   402   6 C        3.664     0.010    20.678     6.522
   403   1 H        0.930     0.067     2.113     2.273
   404   1 H        0.930     0.057     2.234     2.337
   405   1 H        0.930     0.073     2.053     2.240
   406   8 O        1.705    -0.278    18.621     5.826
   407   6 C        2.878     0.150    24.746     8.155
   408   6 C        2.936    -0.070    29.749     8.945
   409   1 H        0.930     0.078     1.999     2.211
   410   6 C        3.826    -0.107    22.517     6.752
   411   1 H        0.930     0.074     2.045     2.236
   412   1 H        0.930     0.075     2.031     2.228
   413   8 O        0.859    -0.469    23.118     6.446
   414   6 C        3.826    -0.112    22.625     6.768
   415   1 H        0.930     0.078     2.002     2.212
   416   1 H        0.930     0.070     2.087     2.259
   417   8 O        0.859    -0.475    23.239     6.463
   418   6 C        2.878     0.144    24.856     8.173
   419   6 C        2.936    -0.068    29.706     8.939
   420   1 H        0.930     0.077     2.009     2.216
   421   6 C        3.664     0.009    20.695     6.525
   422   1 H        0.930     0.072     2.067     2.248
   423   1 H        0.930     0.061     2.183     2.310
   424   1 H        0.930     0.064     2.154     2.295
   425   8 O        1.705    -0.281    18.667     5.833
   426   6 C        2.928     0.065    26.544     8.449
   427   1 H        0.930     0.082     1.959     2.188
   428   6 C        3.764    -0.014    20.869     6.512
   429   1 H        0.930     0.058     2.218     2.329
   430   1 H        0.930     0.076     2.023     2.224
   431   6 C        2.767     0.267    22.502     7.769
   432   6 C        3.096    -0.011    28.165     8.698
   433   6 C        3.070    -0.018    28.389     8.736
   434   6 C        3.821    -0.084    22.084     6.688
   435   1 H        0.930     0.077     2.010     2.217
   436   1 H        0.930     0.085     1.930     2.172
   437   6 C        3.172     0.022    27.140     8.510
   438   6 C        2.748     0.275    22.345     7.740
   439   6 C        2.920     0.041    27.071     8.532
   440   6 C        2.934    -0.042    29.039     8.838
   441   1 H        0.930     0.070     2.090     2.260
   442   6 C        2.932    -0.080    29.999     8.982
   443   6 C        2.932    -0.049    29.225     8.866
   444   1 H        0.930     0.076     2.019     2.222
   445   1 H        0.862     0.206     1.076     1.625
   446   1 H        0.863     0.213     1.042     1.599
   447   7 N        2.745    -0.117    23.537     7.205
   448   7 N        3.019     0.088    19.707     6.593
   449   7 N        1.991    -0.245    27.206     7.736
   450   7 N        2.645    -0.286    27.374     7.771
   451   8 O        0.858    -0.454    22.780     6.399
   452   8 O        0.860    -0.453    22.772     6.398
   453   6 C        3.762    -0.010    20.802     6.501
   454   1 H        0.930     0.054     2.272     2.357
   455   1 H        0.930     0.062     2.180     2.309
   456   6 C        3.827    -0.085    22.105     6.690
   457   1 H        0.930     0.063     2.165     2.301
   458   1 H        0.930     0.077     2.010     2.217
   459   6 C        3.825    -0.084    22.087     6.687
   460   1 H        0.930     0.072     2.065     2.247
   461   1 H        0.930     0.042     2.419     2.432
   462   6 C        2.766     0.265    22.527     7.773
   463   6 C        2.935    -0.051    29.267     8.872
   464   1 H        0.930     0.075     2.030     2.228
   465   6 C        2.930     0.070    26.439     8.433
   466   6 C        2.938    -0.049    29.226     8.866
   467   1 H        0.930     0.076     2.025     2.225
   468   6 C        2.936    -0.053    29.317     8.880
   469   1 H        0.930     0.066     2.127     2.281
   470   6 C        2.935    -0.053    29.318     8.880
   471   1 H        0.930     0.095     1.833     2.117
   472   7 N        2.739    -0.116    23.533     7.205
   473   6 C        3.826    -0.110    22.573     6.761
   474   1 H        0.930     0.078     1.995     2.208
   475   1 H        0.930     0.074     2.042     2.234
   476   8 O        0.859    -0.473    23.205     6.459
   477   6 C        2.878     0.144    24.858     8.173
   478   6 C        2.936    -0.068    29.693     8.937
   479   1 H        0.930     0.081     1.970     2.195
   480   6 C        3.664     0.012    20.634     6.515
   481   1 H        0.930     0.072     2.065     2.247
   482   1 H        0.930     0.055     2.255     2.348
   483   1 H        0.930     0.067     2.117     2.275
   484   8 O        1.705    -0.282    18.678     5.835
   485   6 C        2.928     0.068    26.475     8.438
   486   1 H        0.930     0.069     2.092     2.261
   487   6 C        3.764    -0.013    20.849     6.508
   488   1 H        0.930     0.058     2.228     2.334
   489   1 H        0.930     0.069     2.093     2.262
   490   6 C        2.767     0.268    22.481     7.765
   491   6 C        3.096    -0.011    28.170     8.699
   492   6 C        3.070    -0.017    28.371     8.734
   493   6 C        3.821    -0.083    22.070     6.685
   494   1 H        0.930     0.076     2.015     2.220
   495   1 H        0.930     0.084     1.940     2.178
   496   6 C        3.172     0.024    27.090     8.502
   497   6 C        2.748     0.277    22.313     7.735
   498   6 C        2.920     0.042    27.053     8.529
   499   6 C        2.934    -0.044    29.086     8.845
   500   1 H        0.930     0.067     2.118     2.275
   501   6 C        2.932    -0.082    30.043     8.989
   502   6 C        2.932    -0.046    29.138     8.853
   503   1 H        0.930     0.077     2.005     2.214
   504   1 H        0.862     0.205     1.079     1.627
   505   1 H        0.863     0.212     1.045     1.601
   506   7 N        2.745    -0.121    23.638     7.221
   507   7 N        3.019     0.092    19.640     6.582
   508   7 N        1.991    -0.240    27.081     7.718
   509   7 N        2.645    -0.284    27.338     7.765
   510   8 O        0.858    -0.448    22.669     6.383
   511   8 O        0.860    -0.452    22.745     6.394
   512   6 C        3.762    -0.011    20.824     6.505
   513   1 H        0.930     0.056     2.245     2.343
   514   1 H        0.930     0.053     2.280     2.361
   515   6 C        3.827    -0.083    22.068     6.684
   516   1 H        0.930     0.059     2.207     2.323
   517   1 H        0.930     0.067     2.113     2.273
   518   6 C        3.825    -0.083    22.064     6.684
   519   1 H        0.930     0.075     2.031     2.228
   520   1 H        0.930     0.045     2.383     2.414
   521   6 C        2.766     0.268    22.472     7.763
   522   6 C        2.935    -0.056    29.395     8.892
   523   1 H        0.930     0.067     2.123     2.279
   524   6 C        2.930     0.070    26.437     8.432
   525   6 C        2.938    -0.047    29.175     8.859
   526   1 H        0.930     0.077     2.007     2.215
   527   6 C        2.936    -0.050    29.252     8.870
   528   1 H        0.930     0.070     2.086     2.259
   529   6 C        2.935    -0.058    29.435     8.898
   530   1 H        0.930     0.094     1.839     2.120
   531   7 N        2.739    -0.114    23.492     7.199
   532   6 C        3.762    -0.008    20.760     6.495
   533   1 H        0.930     0.054     2.272     2.357
   534   1 H        0.930     0.065     2.136     2.285
   535   6 C        3.827    -0.082    22.041     6.680
   536   1 H        0.930     0.058     2.226     2.333
   537   1 H        0.930     0.060     2.200     2.319
   538   6 C        3.825    -0.080    22.015     6.677
   539   1 H        0.930     0.052     2.293     2.368
   540   1 H        0.930     0.050     2.319     2.381
   541   6 C        3.826    -0.107    22.521     6.753
   542   1 H        0.930     0.074     2.041     2.234
   543   1 H        0.930     0.076     2.021     2.223
   544   6 C        2.766     0.268    22.474     7.764
   545   6 C        2.935    -0.052    29.299     8.877
   546   1 H        0.930     0.066     2.125     2.279
   547   6 C        2.930     0.070    26.428     8.431
   548   6 C        2.938    -0.045    29.126     8.851
   549   6 C        2.935    -0.055    29.361     8.887
   550   1 H        0.930     0.080     1.980     2.200
   551   1 H        0.930     0.074     2.046     2.237
   552   7 N        2.739    -0.114    23.487     7.198
   553   8 O        0.859    -0.469    23.111     6.445
   554   1 H        0.930     0.074     2.038     2.232
   555   6 C        2.936    -0.048    29.196     8.862
   556   1 H        0.930     0.069     2.091     2.261
   557   6 C        2.928     0.066    26.526     8.446
   558   6 C        3.764    -0.014    20.868     6.511
   559   1 H        0.930     0.061     2.192     2.315
   560   6 C        2.767     0.268    22.481     7.765
   561   6 C        3.096    -0.010    28.140     8.694
   562   6 C        3.070    -0.019    28.413     8.740
   563   6 C        3.821    -0.084    22.086     6.688
   564   1 H        0.930     0.073     2.048     2.238
   565   1 H        0.930     0.082     1.953     2.185
   566   6 C        3.172     0.021    27.153     8.512
   567   6 C        2.748     0.277    22.312     7.735
   568   6 C        2.920     0.045    27.001     8.521
   569   6 C        2.934    -0.044    29.103     8.848
   570   1 H        0.930     0.069     2.096     2.264
   571   6 C        2.932    -0.081    30.035     8.988
   572   1 H        0.930     0.069     2.097     2.264
   573   6 C        2.878     0.146    24.820     8.167
   574   6 C        2.936    -0.066    29.639     8.929
   575   1 H        0.930     0.085     1.928     2.171
   576   6 C        2.932    -0.043    29.070     8.842
   577   1 H        0.930     0.082     1.961     2.190
   578   6 C        3.664     0.015    20.585     6.507
   579   1 H        0.930     0.077     2.008     2.216
   580   1 H        0.930     0.051     2.305     2.374
   581   1 H        0.930     0.062     2.180     2.309
   582   1 H        0.862     0.206     1.075     1.624
   583   1 H        0.863     0.218     1.018     1.580
   584   7 N        2.745    -0.116    23.535     7.205
   585   7 N        3.019     0.093    19.631     6.580
   586   7 N        1.991    -0.240    27.079     7.718
   587   7 N        2.645    -0.283    27.305     7.761
   588   8 O        0.858    -0.452    22.748     6.395
   589   8 O        0.860    -0.464    22.995     6.429
   590   8 O        1.705    -0.277    18.593     5.822
   591   1 H        0.930     0.076     2.015     2.220
   592   6 C        2.936    -0.048    29.198     8.862
   593   1 H        0.930     0.072     2.064     2.247
   594   6 C        2.928     0.065    26.551     8.450
   595   6 C        3.764    -0.018    20.945     6.523
   596   1 H        0.930     0.067     2.121     2.277
   597   6 C        2.767     0.267    22.486     7.766
   598   6 C        3.096    -0.009    28.130     8.692
   599   6 C        3.070    -0.017    28.368     8.733
   600   6 C        3.821    -0.085    22.097     6.690
   601   1 H        0.930     0.074     2.045     2.236
   602   1 H        0.930     0.085     1.924     2.169
   603   6 C        3.172     0.023    27.111     8.505
   604   6 C        2.748     0.279    22.283     7.730
   605   6 C        2.920     0.044    27.003     8.522
   606   6 C        2.934    -0.042    29.033     8.837
   607   1 H        0.930     0.072     2.062     2.245
   608   6 C        2.932    -0.078    29.951     8.975
   609   1 H        0.930     0.070     2.080     2.255
   610   6 C        2.878     0.145    24.835     8.170
   611   6 C        2.936    -0.067    29.658     8.931
   612   1 H        0.930     0.079     1.985     2.203
   613   6 C        2.932    -0.048    29.180     8.859
   614   1 H        0.930     0.078     1.997     2.209
   615   6 C        3.664     0.012    20.645     6.517
   616   1 H        0.930     0.074     2.042     2.234
   617   1 H        0.930     0.060     2.196     2.317
   618   1 H        0.930     0.058     2.225     2.332
   619   1 H        0.862     0.207     1.073     1.623
   620   1 H        0.863     0.214     1.037     1.595
   621   7 N        2.745    -0.117    23.537     7.205
   622   7 N        3.019     0.089    19.705     6.593
   623   7 N        1.991    -0.245    27.185     7.733
   624   7 N        2.645    -0.283    27.308     7.761
   625   8 O        0.858    -0.449    22.695     6.387
   626   8 O        0.860    -0.460    22.906     6.417
   627   8 O        1.705    -0.279    18.636     5.829
   628   6 C        3.762    -0.009    20.774     6.497
   629   1 H        0.930     0.053     2.278     2.360
   630   1 H        0.930     0.060     2.202     2.321
   631   6 C        3.827    -0.083    22.061     6.683
   632   1 H        0.930     0.063     2.167     2.302
   633   1 H        0.930     0.070     2.080     2.255
   634   6 C        3.825    -0.084    22.078     6.686
   635   1 H        0.930     0.072     2.061     2.245
   636   1 H        0.930     0.045     2.386     2.415
   637   6 C        3.826    -0.111    22.605     6.765
   638   1 H        0.930     0.079     1.986     2.204
   639   1 H        0.930     0.075     2.028     2.227
   640   6 C        2.766     0.267    22.488     7.766
   641   6 C        2.935    -0.055    29.365     8.887
   642   1 H        0.930     0.074     2.037     2.232
   643   6 C        2.930     0.066    26.524     8.446
   644   6 C        2.938    -0.047    29.170     8.858
   645   6 C        2.935    -0.057    29.412     8.894
   646   1 H        0.930     0.078     2.002     2.213
   647   1 H        0.930     0.078     2.003     2.213
   648   7 N        2.739    -0.116    23.528     7.204
   649   8 O        0.859    -0.479    23.321     6.475
   650   1 H        0.930     0.075     2.031     2.228
   651   6 C        2.936    -0.046    29.149     8.854
   652   1 H        0.930     0.071     2.071     2.250
   653   6 C        2.928     0.069    26.456     8.435
   654   6 C        3.764    -0.013    20.854     6.509
   655   1 H        0.930     0.058     2.218     2.329
   656   6 C        2.767     0.268    22.474     7.764
   657   6 C        3.096    -0.010    28.153     8.696
   658   6 C        3.070    -0.016    28.347     8.730
   659   6 C        3.821    -0.083    22.071     6.686
   660   1 H        0.930     0.078     1.999     2.211
   661   1 H        0.930     0.085     1.931     2.173
   662   6 C        3.172     0.026    27.041     8.494
   663   6 C        2.748     0.275    22.341     7.740
   664   6 C        2.920     0.042    27.050     8.529
   665   6 C        2.934    -0.049    29.205     8.863
   666   1 H        0.930     0.069     2.100     2.266
   667   6 C        2.932    -0.078    29.942     8.974
   668   1 H        0.930     0.073     2.051     2.240
   669   6 C        2.878     0.148    24.781     8.161
   670   6 C        2.936    -0.069    29.721     8.941
   671   1 H        0.930     0.081     1.972     2.196
   672   6 C        2.932    -0.048    29.199     8.862
   673   1 H        0.930     0.078     2.000     2.212
   674   6 C        3.664     0.013    20.618     6.513
   675   1 H        0.930     0.070     2.084     2.257
   676   1 H        0.930     0.049     2.333     2.389
   677   1 H        0.930     0.075     2.032     2.229
   678   1 H        0.862     0.229     0.967     1.540
   679   1 H        0.863     0.205     1.082     1.630
   680   7 N        2.745    -0.119    23.589     7.213
   681   7 N        3.019     0.087    19.725     6.596
   682   7 N        1.991    -0.249    27.297     7.749
   683   7 N        2.645    -0.285    27.366     7.769
   684   8 O        0.858    -0.450    22.699     6.388
   685   8 O        0.860    -0.450    22.715     6.390
   686   8 O        1.705    -0.280    18.644     5.830
   687   6 C        3.762    -0.011    20.818     6.504
   688   1 H        0.930     0.058     2.226     2.333
   689   1 H        0.930     0.060     2.197     2.318
   690   6 C        3.827    -0.083    22.066     6.684
   691   1 H        0.930     0.056     2.251     2.346
   692   1 H        0.930     0.058     2.219     2.329
   693   6 C        3.825    -0.080    22.005     6.675
   694   1 H        0.930     0.053     2.279     2.360
   695   1 H        0.930     0.051     2.308     2.375
   696   6 C        3.826    -0.107    22.525     6.753
   697   1 H        0.930     0.075     2.033     2.230
   698   1 H        0.930     0.077     2.011     2.217
   699   6 C        2.766     0.268    22.475     7.764
   700   6 C        2.935    -0.055    29.377     8.889
   701   1 H        0.930     0.066     2.125     2.279
   702   6 C        2.930     0.070    26.443     8.433
   703   6 C        2.938    -0.044    29.090     8.846
   704   6 C        2.935    -0.057    29.409     8.894
   705   1 H        0.930     0.070     2.083     2.257
   706   1 H        0.930     0.070     2.084     2.257
   707   7 N        2.739    -0.113    23.475     7.196
   708   8 O        0.859    -0.466    23.054     6.438

 Mol. C6AA /au·bohr⁶  :    6026681.019487
 Mol. C8AA /au·bohr⁸  :  144022970.310387
 Mol. α(0) /au        :       3804.894100


Wiberg/Mayer (AO) data.
largest (>0.10) Wiberg bond orders for each atom

 ---------------------------------------------------------------------------
     #   Z sym  total        # sym  WBO       # sym  WBO       # sym  WBO
 ---------------------------------------------------------------------------
     1   1 H    0.994 --    54 C    0.973
     2   6 C    3.989 --    54 C    1.440     4 C    1.403     3 H    0.966
                            51 C    0.110
     3   1 H    0.991 --     2 C    0.966
     4   6 C    3.966 --     2 C    1.403    55 C    1.402    31 N    0.998
     5   6 C    3.967 --    10 C    0.998    57 H    0.973     6 H    0.973
                            31 N    0.963
     6   1 H    0.996 --     5 C    0.973
     7   6 C    3.957 --    35 O    1.652    31 N    1.205     8 C    1.009
     8   6 C    3.955 --     9 C    1.427    32 N    1.229     7 C    1.009
                            33 N    0.131
     9   6 C    3.980 --     8 C    1.427    13 C    1.327    10 C    1.011
    10   6 C    3.991 --     9 C    1.011     5 C    0.998    12 H    0.963
                            11 H    0.962
    11   1 H    0.995 --    10 C    0.962
    12   1 H    0.993 --    10 C    0.963
    13   6 C    3.967 --    33 N    1.416     9 C    1.327    14 C    1.002
    14   6 C    3.951 --    36 O    1.629    34 N    1.277    13 C    1.002
    15   6 C    3.950 --    16 C    1.396    23 C    1.370    32 N    1.001
    16   6 C    3.987 --    18 C    1.441    15 C    1.396    17 H    0.967
                            21 C    0.104
    17   1 H    0.991 --    16 C    0.967
    18   6 C    3.987 --    16 C    1.441    20 C    1.375    19 H    0.961
                            23 C    0.101
    19   1 H    0.988 --    18 C    0.961
    20   6 C    3.933 --    18 C    1.375    21 C    1.342    37 O    1.076
    21   6 C    3.991 --    23 C    1.474    20 C    1.342    22 H    0.972
                            16 C    0.104
    22   1 H    0.994 --    21 C    0.972
    23   6 C    3.991 --    21 C    1.474    15 C    1.370    24 H    0.973
                            18 C    0.101
    24   1 H    0.995 --    23 C    0.973
    25   6 C    3.929 --    27 H    0.981    26 H    0.977    28 H    0.975
                            37 O    0.963
    26   1 H    0.996 --    25 C    0.977
    27   1 H    0.997 --    25 C    0.981
    28   1 H    0.993 --    25 C    0.975
    29   1 H    0.948 --    34 N    0.920
    30   1 H    0.956 --    34 N    0.941
    31   7 N    3.477 --     7 C    1.205     4 C    0.998     5 C    0.963
                            35 O    0.187
    32   7 N    3.696 --     8 C    1.229    33 N    1.221    15 C    1.001
    33   7 N    2.959 --    13 C    1.416    32 N    1.221     8 C    0.131
    34   7 N    3.387 --    14 C    1.277    30 H    0.941    29 H    0.920
                            36 O    0.195
    35   8 O    1.997 --     7 C    1.652    31 N    0.187
    36   8 O    1.947 --    14 C    1.629    34 N    0.195
    37   8 O    2.209 --    20 C    1.076    25 C    0.963
    38   6 C    3.965 --    41 C    1.007    40 H    0.972    39 H    0.970
                            58 N    0.955
    39   1 H    0.997 --    38 C    0.970
    40   1 H    0.996 --    38 C    0.972
    41   6 C    3.988 --    44 C    1.007    38 C    1.007    42 H    0.976
                            43 H    0.966
    42   1 H    0.996 --    41 C    0.976
    43   1 H    0.994 --    41 C    0.966
    44   6 C    3.991 --    41 C    1.007    47 C    1.001    46 H    0.981
                            45 H    0.971
    45   1 H    0.994 --    44 C    0.971
    46   1 H    0.998 --    44 C    0.981
    47   6 C    3.990 --    44 C    1.001    50 C    0.982    49 H    0.962
                            48 H    0.950
    48   1 H    0.993 --    47 C    0.950
    49   1 H    0.995 --    47 C    0.962
    50   6 C    3.948 --    59 O    1.616    58 N    1.259    47 C    0.982
    51   6 C    3.993 --    55 C    1.441    53 C    1.405    52 H    0.972
                             2 C    0.110
    52   1 H    0.995 --    51 C    0.972
    53   6 C    3.967 --    54 C    1.405    51 C    1.405    58 N    0.988
    54   6 C    3.993 --     2 C    1.440    53 C    1.405     1 H    0.973
                            55 C    0.110
    55   6 C    3.991 --    51 C    1.441     4 C    1.402    56 H    0.971
                            54 C    0.110
    56   1 H    0.993 --    55 C    0.971
    57   1 H    0.995 --     5 C    0.973
    58   7 N    3.495 --    50 C    1.259    53 C    0.988    38 C    0.955
                            59 O    0.187
    59   8 O    1.942 --    50 C    1.616    58 N    0.187
    60   6 C    3.967 --    63 C    1.007    62 H    0.973    61 H    0.971
                            80 N    0.955
    61   1 H    0.997 --    60 C    0.971
    62   1 H    0.996 --    60 C    0.973
    63   6 C    3.988 --    66 C    1.007    60 C    1.007    64 H    0.978
                            65 H    0.966
    64   1 H    0.996 --    63 C    0.978
    65   1 H    0.994 --    63 C    0.966
    66   6 C    3.992 --    63 C    1.007    69 C    1.001    68 H    0.981
                            67 H    0.971
    67   1 H    0.994 --    66 C    0.971
    68   1 H    0.998 --    66 C    0.981
    69   6 C    3.990 --    66 C    1.001    72 C    0.978    71 H    0.965
                            70 H    0.952
    70   1 H    0.993 --    69 C    0.952
    71   1 H    0.995 --    69 C    0.965
    72   6 C    3.950 --    81 O    1.650    80 N    1.239    69 C    0.978
    73   6 C    3.993 --    77 C    1.441    75 C    1.406    74 H    0.972
                            83 C    0.109
    74   1 H    0.994 --    73 C    0.972
    75   6 C    3.970 --    73 C    1.406    76 C    1.404    80 N    0.993
    76   6 C    3.993 --    83 C    1.440    75 C    1.404    82 H    0.973
                            77 C    0.110
    77   6 C    3.991 --    73 C    1.441    85 C    1.402    78 H    0.970
                            76 C    0.110
    78   1 H    0.993 --    77 C    0.970
    79   1 H    0.994 --    86 C    0.973
    80   7 N    3.482 --    72 C    1.239    75 C    0.993    60 C    0.955
                            81 O    0.188
    81   8 O    1.959 --    72 C    1.650    80 N    0.188
    82   1 H    0.994 --    76 C    0.973
    83   6 C    3.992 --    76 C    1.440    85 C    1.404    84 H    0.973
                            73 C    0.109
    84   1 H    0.995 --    83 C    0.973
    85   6 C    3.962 --    83 C    1.404    77 C    1.402   112 N    0.992
    86   6 C    3.967 --    91 C    0.998    87 H    0.974    79 H    0.973
                           112 N    0.962
    87   1 H    0.996 --    86 C    0.974
    88   6 C    3.958 --   116 O    1.647   112 N    1.211    89 C    1.009
    89   6 C    3.953 --    90 C    1.429   113 N    1.223    88 C    1.009
                           114 N    0.133
    90   6 C    3.980 --    89 C    1.429    94 C    1.323    91 C    1.012
    91   6 C    3.990 --    90 C    1.012    86 C    0.998    93 H    0.963
                            92 H    0.961
    92   1 H    0.994 --    91 C    0.961
    93   1 H    0.992 --    91 C    0.963
    94   6 C    3.967 --   114 N    1.421    90 C    1.323    95 C    1.003
    95   6 C    3.951 --   117 O    1.647   115 N    1.258    94 C    1.003
    96   6 C    3.954 --    97 C    1.401   104 C    1.370   113 N    1.004
    97   6 C    3.991 --    99 C    1.436    96 C    1.401    98 H    0.973
                           102 C    0.107
    98   1 H    0.995 --    97 C    0.973
    99   6 C    3.990 --    97 C    1.436   101 C    1.379   100 H    0.970
   100   1 H    0.995 --    99 C    0.970
   101   6 C    3.933 --    99 C    1.379   102 C    1.341   118 O    1.075
   102   6 C    3.991 --   104 C    1.478   101 C    1.341   103 H    0.970
                            97 C    0.107
   103   1 H    0.993 --   102 C    0.970
   104   6 C    3.990 --   102 C    1.478    96 C    1.370   105 H    0.972
   105   1 H    0.993 --   104 C    0.972
   106   6 C    3.935 --   108 H    0.981   109 H    0.980   107 H    0.979
                           118 O    0.966
   107   1 H    0.994 --   106 C    0.979
   108   1 H    0.996 --   106 C    0.981
   109   1 H    0.996 --   106 C    0.980
   110   1 H    0.957 --   115 N    0.940
   111   1 H    0.953 --   115 N    0.939
   112   7 N    3.479 --    88 C    1.211    85 C    0.992    86 C    0.962
                           116 O    0.192
   113   7 N    3.694 --    89 C    1.223   114 N    1.222    96 C    1.004
   114   7 N    2.964 --    94 C    1.421   113 N    1.222    89 C    0.133
   115   7 N    3.374 --    95 C    1.258   110 H    0.940   111 H    0.939
                           117 O    0.191
   116   8 O    1.995 --    88 C    1.647   112 N    0.192
   117   8 O    1.962 --    95 C    1.647   115 N    0.191
   118   8 O    2.212 --   101 C    1.075   106 C    0.966
   119   6 C    3.968 --   122 C    1.007   121 H    0.973   120 H    0.971
                           139 N    0.960
   120   1 H    0.996 --   119 C    0.971
   121   1 H    0.996 --   119 C    0.973
   122   6 C    3.991 --   119 C    1.007   125 C    1.006   123 H    0.978
                           124 H    0.970
   123   1 H    0.997 --   122 C    0.978
   124   1 H    0.996 --   122 C    0.970
   125   6 C    3.993 --   122 C    1.006   128 C    1.001   127 H    0.980
                           126 H    0.975
   126   1 H    0.997 --   125 C    0.975
   127   1 H    0.997 --   125 C    0.980
   128   6 C    3.990 --   125 C    1.001   131 C    0.979   130 H    0.961
                           129 H    0.953
   129   1 H    0.994 --   128 C    0.953
   130   1 H    0.994 --   128 C    0.961
   131   6 C    3.949 --   140 O    1.620   139 N    1.263   128 C    0.979
   132   6 C    3.994 --   136 C    1.441   134 C    1.404   133 H    0.974
                           142 C    0.110
   133   1 H    0.995 --   132 C    0.974
   134   6 C    3.965 --   135 C    1.406   132 C    1.404   139 N    0.986
   135   6 C    3.993 --   142 C    1.440   134 C    1.406   141 H    0.973
                           136 C    0.109
   136   6 C    3.993 --   132 C    1.441   144 C    1.401   137 H    0.973
                           135 C    0.109
   137   1 H    0.995 --   136 C    0.973
   138   1 H    0.995 --   145 C    0.974
   139   7 N    3.497 --   131 C    1.263   134 C    0.986   119 C    0.960
                           140 O    0.189
   140   8 O    1.947 --   131 C    1.620   139 N    0.189
   141   1 H    0.994 --   135 C    0.973
   142   6 C    3.988 --   135 C    1.440   144 C    1.402   143 H    0.966
                           132 C    0.110
   143   1 H    0.991 --   142 C    0.966
   144   6 C    3.968 --   142 C    1.402   136 C    1.401   171 N    1.003
   145   6 C    3.967 --   150 C    0.998   138 H    0.974   146 H    0.973
                           171 N    0.961
   146   1 H    0.996 --   145 C    0.973
   147   6 C    3.957 --   175 O    1.666   171 N    1.194   148 C    1.009
   148   6 C    3.955 --   149 C    1.431   172 N    1.225   147 C    1.009
                           173 N    0.133
   149   6 C    3.981 --   148 C    1.431   153 C    1.323   150 C    1.012
   150   6 C    3.990 --   149 C    1.012   145 C    0.998   152 H    0.962
                           151 H    0.961
   151   1 H    0.994 --   150 C    0.961
   152   1 H    0.993 --   150 C    0.962
   153   6 C    3.968 --   173 N    1.421   149 C    1.323   154 C    1.003
   154   6 C    3.950 --   176 O    1.650   174 N    1.255   153 C    1.003
   155   6 C    3.953 --   156 C    1.400   163 C    1.373   172 N    1.003
   156   6 C    3.988 --   158 C    1.436   155 C    1.400   157 H    0.967
                           161 C    0.107
   157   1 H    0.992 --   156 C    0.967
   158   6 C    3.988 --   156 C    1.436   160 C    1.381   159 H    0.964
                           163 C    0.101
   159   1 H    0.991 --   158 C    0.964
   160   6 C    3.932 --   158 C    1.381   161 C    1.346   177 O    1.066
   161   6 C    3.991 --   163 C    1.474   160 C    1.346   162 H    0.973
                           156 C    0.107
   162   1 H    0.994 --   161 C    0.973
   163   6 C    3.990 --   161 C    1.474   155 C    1.373   164 H    0.973
                           158 C    0.101
   164   1 H    0.994 --   163 C    0.973
   165   6 C    3.936 --   166 H    0.980   168 H    0.980   167 H    0.980
                           177 O    0.967
   166   1 H    0.995 --   165 C    0.980
   167   1 H    0.996 --   165 C    0.980
   168   1 H    0.996 --   165 C    0.980
   169   1 H    0.958 --   174 N    0.942
   170   1 H    0.955 --   174 N    0.942
   171   7 N    3.468 --   147 C    1.194   144 C    1.003   145 C    0.961
                           175 O    0.185
   172   7 N    3.695 --   148 C    1.225   173 N    1.221   155 C    1.003
   173   7 N    2.964 --   153 C    1.421   172 N    1.221   148 C    0.133
   174   7 N    3.370 --   154 C    1.255   169 H    0.942   170 H    0.942
                           176 O    0.190
   175   8 O    2.008 --   147 C    1.666   171 N    0.185
   176   8 O    1.961 --   154 C    1.650   174 N    0.190
   177   8 O    2.200 --   160 C    1.066   165 C    0.967
   178   6 C    3.990 --   223 C    1.001   226 C    0.979   180 H    0.962
                           179 H    0.953
   179   1 H    0.994 --   178 C    0.953
   180   1 H    0.994 --   178 C    0.962
   181   8 O    1.948 --   226 C    1.620   236 N    0.190
   182   6 C    3.932 --   206 C    1.379   183 C    1.345   189 O    1.068
   183   6 C    3.991 --   207 C    1.473   182 C    1.345   184 H    0.973
                           204 C    0.107
   184   1 H    0.994 --   183 C    0.973
   185   6 C    3.935 --   187 H    0.981   186 H    0.981   188 H    0.978
                           189 O    0.966
   186   1 H    0.995 --   185 C    0.981
   187   1 H    0.997 --   185 C    0.981
   188   1 H    0.995 --   185 C    0.978
   189   8 O    2.202 --   182 C    1.068   185 C    0.966
   190   6 C    3.969 --   234 C    1.401   232 C    1.401   211 N    1.004
   191   1 H    0.995 --   234 C    0.973
   192   6 C    3.967 --   198 C    0.998   194 H    0.973   193 H    0.973
                           211 N    0.960
   193   1 H    0.996 --   192 C    0.973
   194   1 H    0.995 --   192 C    0.973
   195   6 C    3.956 --   215 O    1.664   211 N    1.193   196 C    1.010
   196   6 C    3.954 --   197 C    1.431   212 N    1.223   195 C    1.010
                           213 N    0.135
   197   6 C    3.980 --   196 C    1.431   201 C    1.325   198 C    1.011
   198   6 C    3.989 --   197 C    1.011   192 C    0.998   199 H    0.962
                           200 H    0.961
   199   1 H    0.994 --   198 C    0.962
   200   1 H    0.992 --   198 C    0.961
   201   6 C    3.968 --   213 N    1.427   197 C    1.325   202 C    0.996
   202   6 C    3.954 --   216 O    1.648   214 N    1.272   201 C    0.996
   203   6 C    3.955 --   204 C    1.399   207 C    1.373   212 N    1.005
   204   6 C    3.987 --   206 C    1.437   203 C    1.399   205 H    0.967
                           183 C    0.107
   205   1 H    0.991 --   204 C    0.967
   206   6 C    3.991 --   204 C    1.437   182 C    1.379   235 H    0.969
                           207 C    0.101
   207   6 C    3.991 --   183 C    1.473   203 C    1.373   208 H    0.973
                           206 C    0.101
   208   1 H    0.994 --   207 C    0.973
   209   1 H    0.947 --   214 N    0.920
   210   1 H    0.958 --   214 N    0.944
   211   7 N    3.467 --   195 C    1.193   190 C    1.004   192 C    0.960
                           215 O    0.183
   212   7 N    3.689 --   196 C    1.223   213 N    1.214   203 C    1.005
   213   7 N    2.960 --   201 C    1.427   212 N    1.214   196 C    0.135
   214   7 N    3.385 --   202 C    1.272   210 H    0.944   209 H    0.920
                           216 O    0.199
   215   8 O    2.005 --   195 C    1.664   211 N    0.183
   216   8 O    1.967 --   202 C    1.648   214 N    0.199
   217   6 C    3.968 --   220 C    1.007   219 H    0.973   218 H    0.971
                           236 N    0.960
   218   1 H    0.996 --   217 C    0.971
   219   1 H    0.996 --   217 C    0.973
   220   6 C    3.991 --   217 C    1.007   223 C    1.007   221 H    0.979
                           222 H    0.970
   221   1 H    0.997 --   220 C    0.979
   222   1 H    0.996 --   220 C    0.970
   223   6 C    3.993 --   220 C    1.007   178 C    1.001   225 H    0.980
                           224 H    0.976
   224   1 H    0.997 --   223 C    0.976
   225   1 H    0.997 --   223 C    0.980
   226   6 C    3.950 --   181 O    1.620   236 N    1.262   178 C    0.979
   227   6 C    3.993 --   234 C    1.441   229 C    1.405   228 H    0.973
                           232 C    0.110
   228   1 H    0.995 --   227 C    0.973
   229   6 C    3.963 --   230 C    1.406   227 C    1.405   236 N    0.983
   230   6 C    3.994 --   232 C    1.440   229 C    1.406   231 H    0.974
                           234 C    0.109
   231   1 H    0.995 --   230 C    0.974
   232   6 C    3.987 --   230 C    1.440   190 C    1.401   233 H    0.967
                           227 C    0.110
   233   1 H    0.990 --   232 C    0.967
   234   6 C    3.993 --   227 C    1.441   190 C    1.401   191 H    0.973
                           230 C    0.109
   235   1 H    0.994 --   206 C    0.969
   236   7 N    3.497 --   226 C    1.262   229 C    0.983   217 C    0.960
                           181 O    0.190
   237   6 C    3.990 --   282 C    1.002   285 C    0.979   239 H    0.962
                           238 H    0.953
   238   1 H    0.994 --   237 C    0.953
   239   1 H    0.993 --   237 C    0.962
   240   8 O    1.965 --   285 C    1.644   295 N    0.187
   241   6 C    3.934 --   265 C    1.377   242 C    1.344   248 O    1.074
   242   6 C    3.991 --   266 C    1.475   241 C    1.344   243 H    0.972
                           263 C    0.106
   243   1 H    0.994 --   242 C    0.972
   244   6 C    3.932 --   246 H    0.981   245 H    0.977   247 H    0.976
                           248 O    0.964
   245   1 H    0.995 --   244 C    0.977
   246   1 H    0.997 --   244 C    0.981
   247   1 H    0.994 --   244 C    0.976
   248   8 O    2.207 --   241 C    1.074   244 C    0.964
   249   6 C    3.966 --   291 C    1.403   293 C    1.401   270 N    0.999
   250   1 H    0.995 --   293 C    0.974
   251   6 C    3.965 --   257 C    0.998   252 H    0.973   253 H    0.973
                           270 N    0.960
   252   1 H    0.996 --   251 C    0.973
   253   1 H    0.995 --   251 C    0.973
   254   6 C    3.957 --   274 O    1.655   270 N    1.200   255 C    1.012
   255   6 C    3.953 --   256 C    1.430   271 N    1.219   254 C    1.012
                           272 N    0.135
   256   6 C    3.980 --   255 C    1.430   260 C    1.324   257 C    1.012
   257   6 C    3.989 --   256 C    1.012   251 C    0.998   259 H    0.961
                           258 H    0.961
   258   1 H    0.994 --   257 C    0.961
   259   1 H    0.992 --   257 C    0.961
   260   6 C    3.968 --   272 N    1.429   256 C    1.324   261 C    0.997
   261   6 C    3.953 --   275 O    1.636   273 N    1.280   260 C    0.997
   262   6 C    3.956 --   263 C    1.399   266 C    1.372   271 N    1.006
   263   6 C    3.991 --   265 C    1.438   262 C    1.399   264 H    0.973
                           242 C    0.106
   264   1 H    0.995 --   263 C    0.973
   265   6 C    3.991 --   263 C    1.438   241 C    1.377   294 H    0.969
                           266 C    0.101
   266   6 C    3.990 --   242 C    1.475   262 C    1.372   267 H    0.972
                           265 C    0.101
   267   1 H    0.994 --   266 C    0.972
   268   1 H    0.946 --   273 N    0.918
   269   1 H    0.956 --   273 N    0.941
   270   7 N    3.472 --   254 C    1.200   249 C    0.999   251 C    0.960
                           274 O    0.187
   271   7 N    3.688 --   255 C    1.219   272 N    1.215   262 C    1.006
   272   7 N    2.963 --   260 C    1.429   271 N    1.215   255 C    0.135
   273   7 N    3.392 --   261 C    1.280   269 H    0.941   268 H    0.918
                           275 O    0.198
   274   8 O    1.999 --   254 C    1.655   270 N    0.187
   275   8 O    1.956 --   261 C    1.636   273 N    0.198
   276   6 C    3.969 --   279 C    1.007   278 H    0.974   277 H    0.972
                           295 N    0.959
   277   1 H    0.997 --   276 C    0.972
   278   1 H    0.996 --   276 C    0.974
   279   6 C    3.991 --   276 C    1.007   282 C    1.006   280 H    0.979
                           281 H    0.971
   280   1 H    0.997 --   279 C    0.979
   281   1 H    0.996 --   279 C    0.971
   282   6 C    3.994 --   279 C    1.006   237 C    1.002   284 H    0.981
                           283 H    0.976
   283   1 H    0.997 --   282 C    0.976
   284   1 H    0.997 --   282 C    0.981
   285   6 C    3.949 --   240 O    1.644   295 N    1.243   237 C    0.979
   286   6 C    3.994 --   293 C    1.442   288 C    1.405   287 H    0.974
                           291 C    0.109
   287   1 H    0.995 --   286 C    0.974
   288   6 C    3.969 --   289 C    1.405   286 C    1.405   295 N    0.991
   289   6 C    3.993 --   291 C    1.441   288 C    1.405   290 H    0.973
                           293 C    0.110
   290   1 H    0.994 --   289 C    0.973
   291   6 C    3.992 --   289 C    1.441   249 C    1.403   292 H    0.972
                           286 C    0.109
   292   1 H    0.994 --   291 C    0.972
   293   6 C    3.993 --   286 C    1.442   249 C    1.401   250 H    0.974
                           289 C    0.110
   294   1 H    0.994 --   265 C    0.969
   295   7 N    3.484 --   285 C    1.243   288 C    0.991   276 C    0.959
                           240 O    0.187
   296   6 C    3.969 --   299 C    1.007   298 H    0.974   297 H    0.972
                           315 N    0.958
   297   1 H    0.997 --   296 C    0.972
   298   1 H    0.997 --   296 C    0.974
   299   6 C    3.989 --   302 C    1.007   296 C    1.007   300 H    0.977
                           301 H    0.968
   300   1 H    0.996 --   299 C    0.977
   301   1 H    0.995 --   299 C    0.968
   302   6 C    3.992 --   299 C    1.007   351 C    1.001   304 H    0.981
                           303 H    0.971
   303   1 H    0.995 --   302 C    0.971
   304   1 H    0.998 --   302 C    0.981
   305   6 C    3.949 --   354 O    1.638   315 N    1.249   351 C    0.979
   306   6 C    3.994 --   313 C    1.442   308 C    1.405   307 H    0.974
                           311 C    0.110
   307   1 H    0.995 --   306 C    0.974
   308   6 C    3.968 --   309 C    1.406   306 C    1.405   315 N    0.990
   309   6 C    3.993 --   311 C    1.440   308 C    1.406   310 H    0.973
                           313 C    0.110
   310   1 H    0.994 --   309 C    0.973
   311   6 C    3.989 --   309 C    1.440   316 C    1.403   312 H    0.967
                           306 C    0.110
   312   1 H    0.992 --   311 C    0.967
   313   6 C    3.993 --   306 C    1.442   316 C    1.402   317 H    0.974
                           309 C    0.110
   314   1 H    0.991 --   332 C    0.964
   315   7 N    3.487 --   305 C    1.249   308 C    0.990   296 C    0.958
                           354 O    0.188
   316   6 C    3.966 --   311 C    1.403   313 C    1.402   337 N    0.998
   317   1 H    0.995 --   313 C    0.974
   318   6 C    3.969 --   324 C    0.998   320 H    0.974   319 H    0.974
                           337 N    0.962
   319   1 H    0.997 --   318 C    0.974
   320   1 H    0.995 --   318 C    0.974
   321   6 C    3.957 --   341 O    1.656   337 N    1.202   322 C    1.009
   322   6 C    3.954 --   323 C    1.430   338 N    1.225   321 C    1.009
                           339 N    0.132
   323   6 C    3.980 --   322 C    1.430   327 C    1.324   324 C    1.012
   324   6 C    3.990 --   323 C    1.012   318 C    0.998   326 H    0.964
                           325 H    0.961
   325   1 H    0.994 --   324 C    0.961
   326   1 H    0.993 --   324 C    0.964
   327   6 C    3.967 --   339 N    1.421   323 C    1.324   328 C    1.002
   328   6 C    3.951 --   342 O    1.658   340 N    1.249   327 C    1.002
   329   6 C    3.953 --   330 C    1.400   333 C    1.372   338 N    1.003
   330   6 C    3.988 --   332 C    1.437   329 C    1.400   331 H    0.967
                           349 C    0.107
   331   1 H    0.992 --   330 C    0.967
   332   6 C    3.988 --   330 C    1.437   348 C    1.380   314 H    0.964
                           333 C    0.100
   333   6 C    3.990 --   349 C    1.475   329 C    1.372   334 H    0.973
                           332 C    0.100
   334   1 H    0.994 --   333 C    0.973
   335   1 H    0.958 --   340 N    0.942
   336   1 H    0.956 --   340 N    0.942
   337   7 N    3.472 --   321 C    1.202   316 C    0.998   318 C    0.962
                           341 O    0.186
   338   7 N    3.694 --   322 C    1.225   339 N    1.221   329 C    1.003
   339   7 N    2.963 --   327 C    1.421   338 N    1.221   322 C    0.132
   340   7 N    3.366 --   328 C    1.249   336 H    0.942   335 H    0.942
                           342 O    0.191
   341   8 O    2.000 --   321 C    1.656   337 N    0.186
   342   8 O    1.970 --   328 C    1.658   340 N    0.191
   343   6 C    3.935 --   346 H    0.980   345 H    0.980   344 H    0.980
                           347 O    0.966
   344   1 H    0.995 --   343 C    0.980
   345   1 H    0.996 --   343 C    0.980
   346   1 H    0.996 --   343 C    0.980
   347   8 O    2.204 --   348 C    1.069   343 C    0.966
   348   6 C    3.932 --   332 C    1.380   349 C    1.345   347 O    1.069
   349   6 C    3.991 --   333 C    1.475   348 C    1.345   350 H    0.973
                           330 C    0.107
   350   1 H    0.994 --   349 C    0.973
   351   6 C    3.990 --   302 C    1.001   305 C    0.979   353 H    0.963
                           352 H    0.952
   352   1 H    0.994 --   351 C    0.952
   353   1 H    0.995 --   351 C    0.963
   354   8 O    1.951 --   305 C    1.638   315 N    0.188
   355   6 C    3.968 --   358 C    1.007   357 H    0.972   356 H    0.972
                           374 N    0.958
   356   1 H    0.997 --   355 C    0.972
   357   1 H    0.996 --   355 C    0.972
   358   6 C    3.991 --   355 C    1.007   361 C    1.006   359 H    0.979
                           360 H    0.970
   359   1 H    0.997 --   358 C    0.979
   360   1 H    0.996 --   358 C    0.970
   361   6 C    3.994 --   358 C    1.006   410 C    1.002   363 H    0.981
                           362 H    0.977
   362   1 H    0.997 --   361 C    0.977
   363   1 H    0.998 --   361 C    0.981
   364   6 C    3.951 --   413 O    1.656   374 N    1.240   410 C    0.976
   365   6 C    3.994 --   372 C    1.442   367 C    1.405   366 H    0.974
                           370 C    0.109
   366   1 H    0.995 --   365 C    0.974
   367   6 C    3.969 --   365 C    1.405   368 C    1.405   374 N    0.992
   368   6 C    3.993 --   370 C    1.440   367 C    1.405   369 H    0.973
                           372 C    0.110
   369   1 H    0.994 --   368 C    0.973
   370   6 C    3.992 --   368 C    1.440   375 C    1.404   371 H    0.973
                           365 C    0.109
   371   1 H    0.995 --   370 C    0.973
   372   6 C    3.992 --   365 C    1.442   375 C    1.402   376 H    0.971
                           368 C    0.110
   373   1 H    0.993 --   391 C    0.969
   374   7 N    3.483 --   364 C    1.240   367 C    0.992   355 C    0.958
                           413 O    0.189
   375   6 C    3.964 --   370 C    1.404   372 C    1.402   396 N    0.995
   376   1 H    0.994 --   372 C    0.971
   377   6 C    3.967 --   383 C    0.998   378 H    0.974   379 H    0.973
                           396 N    0.962
   378   1 H    0.996 --   377 C    0.974
   379   1 H    0.994 --   377 C    0.973
   380   6 C    3.958 --   400 O    1.651   396 N    1.206   381 C    1.010
   381   6 C    3.953 --   382 C    1.428   397 N    1.224   380 C    1.010
                           398 N    0.133
   382   6 C    3.980 --   381 C    1.428   386 C    1.325   383 C    1.012
   383   6 C    3.990 --   382 C    1.012   377 C    0.998   385 H    0.962
                           384 H    0.961
   384   1 H    0.995 --   383 C    0.961
   385   1 H    0.992 --   383 C    0.962
   386   6 C    3.967 --   398 N    1.422   382 C    1.325   387 C    0.998
   387   6 C    3.954 --   401 O    1.644   399 N    1.271   386 C    0.998
   388   6 C    3.953 --   389 C    1.399   392 C    1.370   397 N    1.004
   389   6 C    3.991 --   391 C    1.439   388 C    1.399   390 H    0.973
                           408 C    0.106
   390   1 H    0.995 --   389 C    0.973
   391   6 C    3.991 --   389 C    1.439   407 C    1.376   373 H    0.969
   392   6 C    3.991 --   408 C    1.477   388 C    1.370   393 H    0.973
   393   1 H    0.994 --   392 C    0.973
   394   1 H    0.947 --   399 N    0.919
   395   1 H    0.956 --   399 N    0.942
   396   7 N    3.475 --   380 C    1.206   375 C    0.995   377 C    0.962
                           400 O    0.190
   397   7 N    3.692 --   381 C    1.224   398 N    1.218   388 C    1.004
   398   7 N    2.960 --   386 C    1.422   397 N    1.218   381 C    0.133
   399   7 N    3.383 --   387 C    1.271   395 H    0.942   394 H    0.919
                           401 O    0.198
   400   8 O    1.998 --   380 C    1.651   396 N    0.190
   401   8 O    1.965 --   387 C    1.644   399 N    0.198
   402   6 C    3.933 --   404 H    0.981   403 H    0.980   405 H    0.977
                           406 O    0.965
   403   1 H    0.995 --   402 C    0.980
   404   1 H    0.997 --   402 C    0.981
   405   1 H    0.994 --   402 C    0.977
   406   8 O    2.214 --   407 C    1.078   402 C    0.965
   407   6 C    3.933 --   391 C    1.376   408 C    1.341   406 O    1.078
   408   6 C    3.991 --   392 C    1.477   407 C    1.341   409 H    0.970
                           389 C    0.106
   409   1 H    0.993 --   408 C    0.970
   410   6 C    3.990 --   361 C    1.002   364 C    0.976   412 H    0.964
                           411 H    0.955
   411   1 H    0.994 --   410 C    0.955
   412   1 H    0.994 --   410 C    0.964
   413   8 O    1.965 --   364 C    1.656   374 N    0.189
   414   6 C    3.990 --   459 C    1.001   462 C    0.977   416 H    0.964
                           415 H    0.952
   415   1 H    0.993 --   414 C    0.952
   416   1 H    0.995 --   414 C    0.964
   417   8 O    1.960 --   462 C    1.650   472 N    0.189
   418   6 C    3.933 --   442 C    1.378   419 C    1.344   425 O    1.073
   419   6 C    3.991 --   443 C    1.476   418 C    1.344   420 H    0.972
                           440 C    0.106
   420   1 H    0.994 --   419 C    0.972
   421   6 C    3.934 --   423 H    0.980   424 H    0.980   422 H    0.980
                           425 O    0.965
   422   1 H    0.995 --   421 C    0.980
   423   1 H    0.996 --   421 C    0.980
   424   1 H    0.996 --   421 C    0.980
   425   8 O    2.209 --   418 C    1.073   421 C    0.965
   426   6 C    3.963 --   468 C    1.404   470 C    1.402   447 N    0.993
   427   1 H    0.993 --   470 C    0.970
   428   6 C    3.967 --   434 C    0.998   429 H    0.974   430 H    0.973
                           447 N    0.962
   429   1 H    0.997 --   428 C    0.974
   430   1 H    0.994 --   428 C    0.973
   431   6 C    3.958 --   451 O    1.640   447 N    1.214   432 C    1.011
   432   6 C    3.952 --   433 C    1.428   448 N    1.222   431 C    1.011
                           449 N    0.132
   433   6 C    3.981 --   432 C    1.428   437 C    1.323   434 C    1.013
   434   6 C    3.989 --   433 C    1.013   428 C    0.998   436 H    0.962
                           435 H    0.960
   435   1 H    0.994 --   434 C    0.960
   436   1 H    0.992 --   434 C    0.962
   437   6 C    3.968 --   449 N    1.421   433 C    1.323   438 C    1.002
   438   6 C    3.951 --   452 O    1.655   450 N    1.253   437 C    1.002
   439   6 C    3.952 --   440 C    1.399   443 C    1.371   448 N    1.003
   440   6 C    3.991 --   442 C    1.438   439 C    1.399   441 H    0.973
                           419 C    0.106
   441   1 H    0.995 --   440 C    0.973
   442   6 C    3.988 --   440 C    1.438   418 C    1.378   471 H    0.963
   443   6 C    3.990 --   419 C    1.476   439 C    1.371   444 H    0.973
   444   1 H    0.994 --   443 C    0.973
   445   1 H    0.957 --   450 N    0.941
   446   1 H    0.955 --   450 N    0.941
   447   7 N    3.482 --   431 C    1.214   426 C    0.993   428 C    0.962
                           451 O    0.191
   448   7 N    3.692 --   449 N    1.222   432 C    1.222   439 C    1.003
   449   7 N    2.964 --   437 C    1.421   448 N    1.222   432 C    0.132
   450   7 N    3.369 --   438 C    1.253   446 H    0.941   445 H    0.941
                           452 O    0.192
   451   8 O    1.989 --   431 C    1.640   447 N    0.191
   452   8 O    1.969 --   438 C    1.655   450 N    0.192
   453   6 C    3.966 --   456 C    1.007   455 H    0.972   454 H    0.971
                           472 N    0.955
   454   1 H    0.997 --   453 C    0.971
   455   1 H    0.996 --   453 C    0.972
   456   6 C    3.987 --   459 C    1.007   453 C    1.007   457 H    0.976
                           458 H    0.965
   457   1 H    0.996 --   456 C    0.976
   458   1 H    0.993 --   456 C    0.965
   459   6 C    3.992 --   456 C    1.007   414 C    1.001   461 H    0.981
                           460 H    0.971
   460   1 H    0.995 --   459 C    0.971
   461   1 H    0.998 --   459 C    0.981
   462   6 C    3.950 --   417 O    1.650   472 N    1.239   414 C    0.977
   463   6 C    3.993 --   470 C    1.442   465 C    1.405   464 H    0.972
                           468 C    0.109
   464   1 H    0.994 --   463 C    0.972
   465   6 C    3.970 --   463 C    1.405   466 C    1.404   472 N    0.994
   466   6 C    3.993 --   468 C    1.440   465 C    1.404   467 H    0.973
                           470 C    0.110
   467   1 H    0.994 --   466 C    0.973
   468   6 C    3.993 --   466 C    1.440   426 C    1.404   469 H    0.972
                           463 C    0.109
   469   1 H    0.995 --   468 C    0.972
   470   6 C    3.991 --   463 C    1.442   426 C    1.402   427 H    0.970
                           466 C    0.110
   471   1 H    0.990 --   442 C    0.963
   472   7 N    3.483 --   462 C    1.239   465 C    0.994   453 C    0.955
                           417 O    0.189
   473   6 C    3.990 --   518 C    1.001   521 C    0.979   475 H    0.964
                           474 H    0.951
   474   1 H    0.993 --   473 C    0.951
   475   1 H    0.994 --   473 C    0.964
   476   8 O    1.962 --   521 C    1.655   531 N    0.187
   477   6 C    3.933 --   501 C    1.378   478 C    1.343   484 O    1.073
   478   6 C    3.991 --   502 C    1.477   477 C    1.343   479 H    0.972
                           499 C    0.106
   479   1 H    0.993 --   478 C    0.972
   480   6 C    3.933 --   482 H    0.981   483 H    0.979   481 H    0.976
                           484 O    0.965
   481   1 H    0.994 --   480 C    0.976
   482   1 H    0.997 --   480 C    0.981
   483   1 H    0.995 --   480 C    0.979
   484   8 O    2.209 --   477 C    1.073   480 C    0.965
   485   6 C    3.965 --   527 C    1.403   529 C    1.401   506 N    0.997
   486   1 H    0.995 --   529 C    0.974
   487   6 C    3.967 --   493 C    0.998   488 H    0.974   489 H    0.974
                           506 N    0.961
   488   1 H    0.997 --   487 C    0.974
   489   1 H    0.995 --   487 C    0.974
   490   6 C    3.957 --   510 O    1.649   506 N    1.201   491 C    1.014
   491   6 C    3.952 --   492 C    1.425   507 N    1.222   490 C    1.014
                           508 N    0.131
   492   6 C    3.980 --   491 C    1.425   496 C    1.325   493 C    1.012
   493   6 C    3.989 --   492 C    1.012   487 C    0.998   495 H    0.963
                           494 H    0.961
   494   1 H    0.994 --   493 C    0.961
   495   1 H    0.992 --   493 C    0.963
   496   6 C    3.968 --   508 N    1.422   492 C    1.325   497 C    1.001
   497   6 C    3.951 --   511 O    1.657   509 N    1.253   496 C    1.001
   498   6 C    3.952 --   499 C    1.400   502 C    1.370   507 N    1.002
   499   6 C    3.992 --   501 C    1.437   498 C    1.400   500 H    0.974
                           478 C    0.106
   500   1 H    0.995 --   499 C    0.974
   501   6 C    3.988 --   499 C    1.437   477 C    1.378   530 H    0.964
   502   6 C    3.990 --   478 C    1.477   498 C    1.370   503 H    0.972
   503   1 H    0.994 --   502 C    0.972
   504   1 H    0.957 --   509 N    0.942
   505   1 H    0.955 --   509 N    0.942
   506   7 N    3.470 --   490 C    1.201   485 C    0.997   487 C    0.961
                           510 O    0.186
   507   7 N    3.696 --   508 N    1.226   491 C    1.222   498 C    1.002
   508   7 N    2.967 --   496 C    1.422   507 N    1.226   491 C    0.131
   509   7 N    3.369 --   497 C    1.253   505 H    0.942   504 H    0.942
                           511 O    0.192
   510   8 O    1.995 --   490 C    1.649   506 N    0.186
   511   8 O    1.970 --   497 C    1.657   509 N    0.192
   512   6 C    3.969 --   515 C    1.006   514 H    0.974   513 H    0.973
                           531 N    0.958
   513   1 H    0.997 --   512 C    0.973
   514   1 H    0.997 --   512 C    0.974
   515   6 C    3.989 --   518 C    1.007   512 C    1.006   516 H    0.977
                           517 H    0.968
   516   1 H    0.996 --   515 C    0.977
   517   1 H    0.995 --   515 C    0.968
   518   6 C    3.991 --   515 C    1.007   473 C    1.001   520 H    0.981
                           519 H    0.971
   519   1 H    0.994 --   518 C    0.971
   520   1 H    0.998 --   518 C    0.981
   521   6 C    3.949 --   476 O    1.655   531 N    1.235   473 C    0.979
   522   6 C    3.994 --   529 C    1.443   524 C    1.405   523 H    0.974
                           527 C    0.109
   523   1 H    0.995 --   522 C    0.974
   524   6 C    3.970 --   522 C    1.405   525 C    1.404   531 N    0.994
   525   6 C    3.993 --   527 C    1.441   524 C    1.404   526 H    0.972
                           529 C    0.110
   526   1 H    0.994 --   525 C    0.972
   527   6 C    3.993 --   525 C    1.441   485 C    1.403   528 H    0.971
                           522 C    0.109
   528   1 H    0.995 --   527 C    0.971
   529   6 C    3.993 --   522 C    1.443   485 C    1.401   486 H    0.974
                           525 C    0.110
   530   1 H    0.991 --   501 C    0.964
   531   7 N    3.478 --   521 C    1.235   524 C    0.994   512 C    0.958
                           476 O    0.187
   532   6 C    3.968 --   535 C    1.007   534 H    0.973   533 H    0.971
                           552 N    0.958
   533   1 H    0.997 --   532 C    0.971
   534   1 H    0.996 --   532 C    0.973
   535   6 C    3.991 --   532 C    1.007   538 C    1.006   536 H    0.979
                           537 H    0.970
   536   1 H    0.997 --   535 C    0.979
   537   1 H    0.996 --   535 C    0.970
   538   6 C    3.994 --   535 C    1.006   541 C    1.002   540 H    0.981
                           539 H    0.977
   539   1 H    0.997 --   538 C    0.977
   540   1 H    0.997 --   538 C    0.981
   541   6 C    3.990 --   538 C    1.002   544 C    0.976   543 H    0.964
                           542 H    0.954
   542   1 H    0.994 --   541 C    0.954
   543   1 H    0.994 --   541 C    0.964
   544   6 C    3.950 --   553 O    1.657   552 N    1.238   541 C    0.976
   545   6 C    3.994 --   549 C    1.442   547 C    1.405   546 H    0.974
                           555 C    0.109
   546   1 H    0.995 --   545 C    0.974
   547   6 C    3.969 --   545 C    1.405   548 C    1.404   552 N    0.993
   548   6 C    3.993 --   555 C    1.440   547 C    1.404   554 H    0.973
                           549 C    0.110
   549   6 C    3.991 --   545 C    1.442   557 C    1.402   550 H    0.971
                           548 C    0.110
   550   1 H    0.993 --   549 C    0.971
   551   1 H    0.994 --   558 C    0.973
   552   7 N    3.481 --   544 C    1.238   547 C    0.993   532 C    0.958
                           553 O    0.189
   553   8 O    1.966 --   544 C    1.657   552 N    0.189
   554   1 H    0.994 --   548 C    0.973
   555   6 C    3.993 --   548 C    1.440   557 C    1.404   556 H    0.973
                           545 C    0.109
   556   1 H    0.995 --   555 C    0.973
   557   6 C    3.963 --   555 C    1.404   549 C    1.402   584 N    0.994
   558   6 C    3.967 --   563 C    0.998   559 H    0.974   551 H    0.973
                           584 N    0.962
   559   1 H    0.996 --   558 C    0.974
   560   6 C    3.958 --   588 O    1.642   584 N    1.211   561 C    1.011
   561   6 C    3.953 --   562 C    1.427   585 N    1.223   560 C    1.011
                           586 N    0.131
   562   6 C    3.980 --   561 C    1.427   566 C    1.324   563 C    1.012
   563   6 C    3.990 --   562 C    1.012   558 C    0.998   565 H    0.963
                           564 H    0.961
   564   1 H    0.994 --   563 C    0.961
   565   1 H    0.992 --   563 C    0.963
   566   6 C    3.967 --   586 N    1.420   562 C    1.324   567 C    1.003
   567   6 C    3.951 --   589 O    1.643   587 N    1.261   566 C    1.003
   568   6 C    3.953 --   569 C    1.401   576 C    1.369   585 N    1.003
   569   6 C    3.991 --   571 C    1.435   568 C    1.401   570 H    0.974
                           574 C    0.108
   570   1 H    0.995 --   569 C    0.974
   571   6 C    3.990 --   569 C    1.435   573 C    1.378   572 H    0.971
   572   1 H    0.995 --   571 C    0.971
   573   6 C    3.934 --   571 C    1.378   574 C    1.341   590 O    1.077
   574   6 C    3.990 --   576 C    1.479   573 C    1.341   575 H    0.969
                           569 C    0.108
   575   1 H    0.992 --   574 C    0.969
   576   6 C    3.990 --   574 C    1.479   568 C    1.369   577 H    0.971
   577   1 H    0.993 --   576 C    0.971
   578   6 C    3.934 --   580 H    0.981   581 H    0.980   579 H    0.975
                           590 O    0.966
   579   1 H    0.994 --   578 C    0.975
   580   1 H    0.997 --   578 C    0.981
   581   1 H    0.996 --   578 C    0.980
   582   1 H    0.957 --   587 N    0.940
   583   1 H    0.952 --   587 N    0.939
   584   7 N    3.480 --   560 C    1.211   557 C    0.994   558 C    0.962
                           588 O    0.190
   585   7 N    3.696 --   586 N    1.225   561 C    1.223   568 C    1.003
   586   7 N    2.966 --   566 C    1.420   585 N    1.225   561 C    0.131
   587   7 N    3.376 --   567 C    1.261   582 H    0.940   583 H    0.939
                           589 O    0.191
   588   8 O    1.990 --   560 C    1.642   584 N    0.190
   589   8 O    1.958 --   567 C    1.643   587 N    0.191
   590   8 O    2.214 --   573 C    1.077   578 C    0.966
   591   1 H    0.994 --   644 C    0.973
   592   6 C    3.992 --   644 C    1.440   594 C    1.403   593 H    0.973
                           641 C    0.109
   593   1 H    0.995 --   592 C    0.973
   594   6 C    3.964 --   592 C    1.403   645 C    1.401   621 N    0.995
   595   6 C    3.965 --   600 C    0.998   596 H    0.972   647 H    0.971
                           621 N    0.961
   596   1 H    0.995 --   595 C    0.972
   597   6 C    3.958 --   625 O    1.646   621 N    1.210   598 C    1.010
   598   6 C    3.953 --   599 C    1.430   622 N    1.221   597 C    1.010
                           623 N    0.134
   599   6 C    3.981 --   598 C    1.430   603 C    1.322   600 C    1.012
   600   6 C    3.989 --   599 C    1.012   595 C    0.998   602 H    0.960
                           601 H    0.960
   601   1 H    0.994 --   600 C    0.960
   602   1 H    0.992 --   600 C    0.960
   603   6 C    3.968 --   623 N    1.422   599 C    1.322   604 C    1.002
   604   6 C    3.951 --   626 O    1.649   624 N    1.257   603 C    1.002
   605   6 C    3.955 --   606 C    1.401   613 C    1.371   622 N    1.004
   606   6 C    3.991 --   608 C    1.436   605 C    1.401   607 H    0.973
                           611 C    0.108
   607   1 H    0.995 --   606 C    0.973
   608   6 C    3.991 --   606 C    1.436   610 C    1.378   609 H    0.970
   609   1 H    0.994 --   608 C    0.970
   610   6 C    3.933 --   608 C    1.378   611 C    1.343   627 O    1.073
   611   6 C    3.991 --   613 C    1.477   610 C    1.343   612 H    0.972
                           606 C    0.108
   612   1 H    0.993 --   611 C    0.972
   613   6 C    3.990 --   611 C    1.477   605 C    1.371   614 H    0.972
   614   1 H    0.993 --   613 C    0.972
   615   6 C    3.935 --   617 H    0.981   618 H    0.981   616 H    0.979
                           627 O    0.966
   616   1 H    0.994 --   615 C    0.979
   617   1 H    0.996 --   615 C    0.981
   618   1 H    0.996 --   615 C    0.981
   619   1 H    0.957 --   624 N    0.941
   620   1 H    0.954 --   624 N    0.941
   621   7 N    3.480 --   597 C    1.210   594 C    0.995   595 C    0.961
                           625 O    0.191
   622   7 N    3.692 --   598 C    1.221   623 N    1.220   605 C    1.004
   623   7 N    2.964 --   603 C    1.422   622 N    1.220   598 C    0.134
   624   7 N    3.373 --   604 C    1.257   619 H    0.941   620 H    0.941
                           626 O    0.192
   625   8 O    1.994 --   597 C    1.646   621 N    0.191
   626   8 O    1.963 --   604 C    1.649   624 N    0.192
   627   8 O    2.210 --   610 C    1.073   615 C    0.966
   628   6 C    3.966 --   631 C    1.006   630 H    0.973   629 H    0.971
                           648 N    0.956
   629   1 H    0.997 --   628 C    0.971
   630   1 H    0.996 --   628 C    0.973
   631   6 C    3.988 --   634 C    1.007   628 C    1.006   632 H    0.978
                           633 H    0.967
   632   1 H    0.996 --   631 C    0.978
   633   1 H    0.994 --   631 C    0.967
   634   6 C    3.992 --   631 C    1.007   637 C    1.001   636 H    0.981
                           635 H    0.971
   635   1 H    0.995 --   634 C    0.971
   636   1 H    0.998 --   634 C    0.981
   637   6 C    3.990 --   634 C    1.001   640 C    0.979   639 H    0.963
                           638 H    0.952
   638   1 H    0.993 --   637 C    0.952
   639   1 H    0.994 --   637 C    0.963
   640   6 C    3.948 --   649 O    1.639   648 N    1.243   637 C    0.979
   641   6 C    3.993 --   645 C    1.441   643 C    1.405   642 H    0.972
                           592 C    0.109
   642   1 H    0.994 --   641 C    0.972
   643   6 C    3.969 --   641 C    1.405   644 C    1.404   648 N    0.993
   644   6 C    3.993 --   592 C    1.440   643 C    1.404   591 H    0.973
                           645 C    0.110
   645   6 C    3.991 --   641 C    1.441   594 C    1.401   646 H    0.970
                           644 C    0.110
   646   1 H    0.993 --   645 C    0.970
   647   1 H    0.994 --   595 C    0.971
   648   7 N    3.485 --   640 C    1.243   643 C    0.993   628 C    0.956
                           649 O    0.187
   649   8 O    1.960 --   640 C    1.639   648 N    0.187
   650   1 H    0.994 --   703 C    0.973
   651   6 C    3.992 --   703 C    1.441   653 C    1.403   652 H    0.973
                           700 C    0.109
   652   1 H    0.995 --   651 C    0.973
   653   6 C    3.965 --   651 C    1.403   704 C    1.401   680 N    0.997
   654   6 C    3.967 --   659 C    0.998   655 H    0.974   706 H    0.974
                           680 N    0.961
   655   1 H    0.997 --   654 C    0.974
   656   6 C    3.957 --   684 O    1.647   680 N    1.204   657 C    1.013
   657   6 C    3.952 --   658 C    1.428   681 N    1.219   656 C    1.013
                           682 N    0.134
   658   6 C    3.980 --   657 C    1.428   662 C    1.325   659 C    1.012
   659   6 C    3.989 --   658 C    1.012   654 C    0.998   661 H    0.962
                           660 H    0.960
   660   1 H    0.994 --   659 C    0.960
   661   1 H    0.992 --   659 C    0.962
   662   6 C    3.968 --   682 N    1.428   658 C    1.325   663 C    0.995
   663   6 C    3.955 --   685 O    1.653   683 N    1.270   662 C    0.995
   664   6 C    3.955 --   665 C    1.400   672 C    1.370   681 N    1.005
   665   6 C    3.992 --   667 C    1.436   664 C    1.400   666 H    0.974
                           670 C    0.107
   666   1 H    0.995 --   665 C    0.974
   667   6 C    3.990 --   665 C    1.436   669 C    1.376   668 H    0.970
   668   1 H    0.994 --   667 C    0.970
   669   6 C    3.934 --   667 C    1.376   670 C    1.342   686 O    1.077
   670   6 C    3.991 --   672 C    1.477   669 C    1.342   671 H    0.972
                           665 C    0.107
   671   1 H    0.993 --   670 C    0.972
   672   6 C    3.990 --   670 C    1.477   664 C    1.370   673 H    0.972
   673   1 H    0.993 --   672 C    0.972
   674   6 C    3.932 --   676 H    0.981   675 H    0.976   677 H    0.976
                           686 O    0.964
   675   1 H    0.995 --   674 C    0.976
   676   1 H    0.997 --   674 C    0.981
   677   1 H    0.994 --   674 C    0.976
   678   1 H    0.947 --   683 N    0.920
   679   1 H    0.958 --   683 N    0.944
   680   7 N    3.473 --   656 C    1.204   653 C    0.997   654 C    0.961
                           684 O    0.187
   681   7 N    3.689 --   657 C    1.219   682 N    1.216   664 C    1.005
   682   7 N    2.962 --   662 C    1.428   681 N    1.216   657 C    0.134
   683   7 N    3.384 --   663 C    1.270   679 H    0.944   678 H    0.920
                           685 O    0.201
   684   8 O    1.994 --   656 C    1.647   680 N    0.187
   685   8 O    1.971 --   663 C    1.653   683 N    0.201
   686   8 O    2.212 --   669 C    1.077   674 C    0.964
   687   6 C    3.970 --   690 C    1.007   689 H    0.974   688 H    0.972
                           707 N    0.960
   688   1 H    0.997 --   687 C    0.972
   689   1 H    0.996 --   687 C    0.974
   690   6 C    3.992 --   687 C    1.007   693 C    1.006   691 H    0.979
                           692 H    0.971
   691   1 H    0.997 --   690 C    0.979
   692   1 H    0.996 --   690 C    0.971
   693   6 C    3.994 --   690 C    1.006   696 C    1.002   695 H    0.981
                           694 H    0.976
   694   1 H    0.997 --   693 C    0.976
   695   1 H    0.997 --   693 C    0.981
   696   6 C    3.990 --   693 C    1.002   699 C    0.976   698 H    0.964
                           697 H    0.954
   697   1 H    0.994 --   696 C    0.954
   698   1 H    0.994 --   696 C    0.964
   699   6 C    3.951 --   708 O    1.659   707 N    1.236   696 C    0.976
   700   6 C    3.994 --   704 C    1.442   702 C    1.405   701 H    0.974
                           651 C    0.109
   701   1 H    0.995 --   700 C    0.974
   702   6 C    3.969 --   700 C    1.405   703 C    1.405   707 N    0.992
   703   6 C    3.993 --   651 C    1.441   702 C    1.405   650 H    0.973
                           704 C    0.110
   704   6 C    3.993 --   700 C    1.442   653 C    1.401   705 H    0.974
                           703 C    0.110
   705   1 H    0.995 --   704 C    0.974
   706   1 H    0.995 --   654 C    0.974
   707   7 N    3.479 --   699 C    1.236   702 C    0.992   687 C    0.960
                           708 O    0.189
   708   8 O    1.969 --   699 C    1.659   707 N    0.189
 ---------------------------------------------------------------------------

Topologies differ in total number of bonds
Writing topology from bond orders to xtbtopo.mol

molecular dipole:
                 x           y           z       tot (Debye)
 q only:       -0.439      -0.846       3.226
   full:       -0.822      -0.309       3.576       9.360
molecular quadrupole (traceless):
                xx          xy          yy          xz          yz          zz
 q only:     -520.265    -113.696    -184.407     198.240     299.175     704.673
  q+dip:     -623.318    -123.297    -121.955     169.564     397.816     745.272
   full:     -604.976    -123.316    -145.511     199.818     397.803     750.487


           -------------------------------------------------
          | TOTAL ENERGY            -1162.357025505627 Eh   |
          | GRADIENT NORM               3.229952992783 Eh/α |
          | HOMO-LUMO GAP               2.438908806897 eV   |
           -------------------------------------------------
